/home/ec2-user/spring-petclinic-rest/src/main/java/org/springframework/samples/petclinic/repository/springdatajpa/SpringDataVisitRepositoryImpl.java
/home/ec2-user/spring-petclinic-rest/src/main/java/org/springframework/samples/petclinic/rest/PetRestController.java
/home/ec2-user/spring-petclinic-rest/src/main/java/org/springframework/samples/petclinic/repository/springdatajpa/SpringDataPetTypeRepository.java
/home/ec2-user/spring-petclinic-rest/src/main/java/org/springframework/samples/petclinic/rest/UserRestController.java
/home/ec2-user/spring-petclinic-rest/src/main/java/org/springframework/samples/petclinic/model/User.java
/home/ec2-user/spring-petclinic-rest/src/main/java/org/springframework/samples/petclinic/rest/ExceptionControllerAdvice.java
/home/ec2-user/spring-petclinic-rest/src/main/java/org/springframework/samples/petclinic/repository/springdatajpa/VisitRepositoryOverride.java
/home/ec2-user/spring-petclinic-rest/src/main/java/org/springframework/samples/petclinic/repository/jdbc/JdbcOwnerRepositoryImpl.java
/home/ec2-user/spring-petclinic-rest/src/main/java/org/springframework/samples/petclinic/repository/springdatajpa/SpringDataPetRepository.java
/home/ec2-user/spring-petclinic-rest/src/main/java/org/springframework/samples/petclinic/service/ClinicServiceImpl.java
/home/ec2-user/spring-petclinic-rest/src/main/java/org/springframework/samples/petclinic/model/Person.java
/home/ec2-user/spring-petclinic-rest/src/main/java/org/springframework/samples/petclinic/rest/JacksonCustomVisitSerializer.java
/home/ec2-user/spring-petclinic-rest/src/main/java/org/springframework/samples/petclinic/rest/VetRestController.java
/home/ec2-user/spring-petclinic-rest/src/main/java/org/springframework/samples/petclinic/repository/PetTypeRepository.java
/home/ec2-user/spring-petclinic-rest/src/main/java/org/springframework/samples/petclinic/repository/PetRepository.java
/home/ec2-user/spring-petclinic-rest/src/main/java/org/springframework/samples/petclinic/util/ApplicationSwaggerConfig.java
/home/ec2-user/spring-petclinic-rest/src/main/java/org/springframework/samples/petclinic/repository/jdbc/JdbcVisitRowMapper.java
/home/ec2-user/spring-petclinic-rest/src/main/java/org/springframework/samples/petclinic/repository/jpa/JpaPetRepositoryImpl.java
/home/ec2-user/spring-petclinic-rest/src/main/java/org/springframework/samples/petclinic/repository/UserRepository.java
/home/ec2-user/spring-petclinic-rest/src/main/java/org/springframework/samples/petclinic/repository/jdbc/JdbcPetVisitExtractor.java
/home/ec2-user/spring-petclinic-rest/src/main/java/org/springframework/samples/petclinic/repository/jdbc/JdbcSpecialtyRepositoryImpl.java
/home/ec2-user/spring-petclinic-rest/src/main/java/org/springframework/samples/petclinic/repository/jpa/package-info.java
/home/ec2-user/spring-petclinic-rest/src/main/java/org/springframework/samples/petclinic/util/CallMonitoringAspect.java
/home/ec2-user/spring-petclinic-rest/src/main/java/org/springframework/samples/petclinic/service/UserServiceImpl.java
/home/ec2-user/spring-petclinic-rest/src/main/java/org/springframework/samples/petclinic/rest/PetTypeRestController.java
/home/ec2-user/spring-petclinic-rest/src/main/java/org/springframework/samples/petclinic/repository/jpa/JpaPetTypeRepositoryImpl.java
/home/ec2-user/spring-petclinic-rest/src/main/java/org/springframework/samples/petclinic/repository/VisitRepository.java
/home/ec2-user/spring-petclinic-rest/src/main/java/org/springframework/samples/petclinic/model/Vets.java
/home/ec2-user/spring-petclinic-rest/src/main/java/org/springframework/samples/petclinic/repository/springdatajpa/PetTypeRepositoryOverride.java
/home/ec2-user/spring-petclinic-rest/src/main/java/org/springframework/samples/petclinic/model/Visit.java
/home/ec2-user/spring-petclinic-rest/src/main/java/org/springframework/samples/petclinic/model/Role.java
/home/ec2-user/spring-petclinic-rest/src/main/java/org/springframework/samples/petclinic/security/DisableSecurityConfig.java
/home/ec2-user/spring-petclinic-rest/src/main/java/org/springframework/samples/petclinic/model/Specialty.java
/home/ec2-user/spring-petclinic-rest/src/main/java/org/springframework/samples/petclinic/repository/jdbc/JdbcPetRepositoryImpl.java
/home/ec2-user/spring-petclinic-rest/src/main/java/org/springframework/samples/petclinic/repository/jdbc/JdbcPetRowMapper.java
/home/ec2-user/spring-petclinic-rest/src/main/java/org/springframework/samples/petclinic/rest/JacksonCustomPetSerializer.java
/home/ec2-user/spring-petclinic-rest/src/main/java/org/springframework/samples/petclinic/repository/jdbc/JdbcPet.java
/home/ec2-user/spring-petclinic-rest/src/main/java/org/springframework/samples/petclinic/repository/jpa/JpaUserRepositoryImpl.java
/home/ec2-user/spring-petclinic-rest/src/main/java/org/springframework/samples/petclinic/repository/jdbc/package-info.java
/home/ec2-user/spring-petclinic-rest/src/main/java/org/springframework/samples/petclinic/repository/springdatajpa/PetRepositoryOverride.java
/home/ec2-user/spring-petclinic-rest/src/main/java/org/springframework/samples/petclinic/rest/RootRestController.java
/home/ec2-user/spring-petclinic-rest/src/main/java/org/springframework/samples/petclinic/repository/springdatajpa/SpecialtyRepositoryOverride.java
/home/ec2-user/spring-petclinic-rest/src/main/java/org/springframework/samples/petclinic/rest/JacksonCustomVisitDeserializer.java
/home/ec2-user/spring-petclinic-rest/src/main/java/org/springframework/samples/petclinic/repository/SpecialtyRepository.java
/home/ec2-user/spring-petclinic-rest/src/main/java/org/springframework/samples/petclinic/repository/OwnerRepository.java
/home/ec2-user/spring-petclinic-rest/src/main/java/org/springframework/samples/petclinic/PetClinicApplication.java
/home/ec2-user/spring-petclinic-rest/src/main/java/org/springframework/samples/petclinic/repository/jdbc/JdbcVisitRepositoryImpl.java
/home/ec2-user/spring-petclinic-rest/src/main/java/org/springframework/samples/petclinic/repository/jdbc/JdbcPetTypeRepositoryImpl.java
/home/ec2-user/spring-petclinic-rest/src/main/java/org/springframework/samples/petclinic/rest/SpecialtyRestController.java
/home/ec2-user/spring-petclinic-rest/src/main/java/org/springframework/samples/petclinic/model/Pet.java
/home/ec2-user/spring-petclinic-rest/src/main/java/org/springframework/samples/petclinic/model/package-info.java
/home/ec2-user/spring-petclinic-rest/src/main/java/org/springframework/samples/petclinic/repository/springdatajpa/SpringDataVisitRepository.java
/home/ec2-user/spring-petclinic-rest/src/main/java/org/springframework/samples/petclinic/repository/springdatajpa/SpringDataVetRepository.java
/home/ec2-user/spring-petclinic-rest/src/main/java/org/springframework/samples/petclinic/repository/springdatajpa/SpringDataSpecialtyRepositoryImpl.java
/home/ec2-user/spring-petclinic-rest/src/main/java/org/springframework/samples/petclinic/repository/jdbc/JdbcUserRepositoryImpl.java
/home/ec2-user/spring-petclinic-rest/src/main/java/org/springframework/samples/petclinic/rest/JacksonCustomPetDeserializer.java
/home/ec2-user/spring-petclinic-rest/src/main/java/org/springframework/samples/petclinic/model/Owner.java
/home/ec2-user/spring-petclinic-rest/src/main/java/org/springframework/samples/petclinic/repository/jpa/JpaSpecialtyRepositoryImpl.java
/home/ec2-user/spring-petclinic-rest/src/main/java/org/springframework/samples/petclinic/security/BasicAuthenticationConfig.java
/home/ec2-user/spring-petclinic-rest/src/main/java/org/springframework/samples/petclinic/repository/jdbc/JdbcVetRepositoryImpl.java
/home/ec2-user/spring-petclinic-rest/src/main/java/org/springframework/samples/petclinic/rest/JacksonCustomOwnerSerializer.java
/home/ec2-user/spring-petclinic-rest/src/main/java/org/springframework/samples/petclinic/repository/springdatajpa/SpringDataPetRepositoryImpl.java
/home/ec2-user/spring-petclinic-rest/src/main/java/org/springframework/samples/petclinic/repository/springdatajpa/SpringDataSpecialtyRepository.java
/home/ec2-user/spring-petclinic-rest/src/main/java/org/springframework/samples/petclinic/rest/OwnerRestController.java
/home/ec2-user/spring-petclinic-rest/src/main/java/org/springframework/samples/petclinic/model/BaseEntity.java
/home/ec2-user/spring-petclinic-rest/src/main/java/org/springframework/samples/petclinic/service/ClinicService.java
/home/ec2-user/spring-petclinic-rest/src/main/java/org/springframework/samples/petclinic/repository/jpa/JpaVisitRepositoryImpl.java
/home/ec2-user/spring-petclinic-rest/src/main/java/org/springframework/samples/petclinic/rest/package-info.java
/home/ec2-user/spring-petclinic-rest/src/main/java/org/springframework/samples/petclinic/model/PetType.java
/home/ec2-user/spring-petclinic-rest/src/main/java/org/springframework/samples/petclinic/service/UserService.java
/home/ec2-user/spring-petclinic-rest/src/main/java/org/springframework/samples/petclinic/model/Vet.java
/home/ec2-user/spring-petclinic-rest/src/main/java/org/springframework/samples/petclinic/rest/BindingErrorsResponse.java
/home/ec2-user/spring-petclinic-rest/src/main/java/org/springframework/samples/petclinic/repository/springdatajpa/SpringDataPetTypeRepositoryImpl.java
/home/ec2-user/spring-petclinic-rest/src/main/java/org/springframework/samples/petclinic/util/EntityUtils.java
/home/ec2-user/spring-petclinic-rest/src/main/java/org/springframework/samples/petclinic/repository/springdatajpa/SpringDataUserRepository.java
/home/ec2-user/spring-petclinic-rest/src/main/java/org/springframework/samples/petclinic/rest/VisitRestController.java
/home/ec2-user/spring-petclinic-rest/src/main/java/org/springframework/samples/petclinic/repository/jpa/JpaOwnerRepositoryImpl.java
/home/ec2-user/spring-petclinic-rest/src/main/java/org/springframework/samples/petclinic/security/Roles.java
/home/ec2-user/spring-petclinic-rest/src/main/java/org/springframework/samples/petclinic/rest/JacksonCustomOwnerDeserializer.java
/home/ec2-user/spring-petclinic-rest/src/main/java/org/springframework/samples/petclinic/repository/VetRepository.java
/home/ec2-user/spring-petclinic-rest/src/main/java/org/springframework/samples/petclinic/repository/springdatajpa/SpringDataOwnerRepository.java
/home/ec2-user/spring-petclinic-rest/src/main/java/org/springframework/samples/petclinic/repository/jpa/JpaVetRepositoryImpl.java
/home/ec2-user/spring-petclinic-rest/src/main/java/org/springframework/samples/petclinic/model/NamedEntity.java
